Wow_HourOfTwilight.exe;pc-game-hdfiles\Wow_HourOfTwilight.exe;base
DBFilesClient\AnimationData.dbc;base\DBFilesClient\AnimationData.dbc;base
DBFilesClient\AreaGroup.dbc;base\DBFilesClient\AreaGroup.dbc;base
DBFilesClient\AreaTable.dbc;base\DBFilesClient\AreaTable.dbc;base
DBFilesClient\CharStartOutfit.dbc;base\DBFilesClient\CharStartOutfit.dbc;base
DBFilesClient\CreatureDisplayInfo.dbc;base\DBFilesClient\CreatureDisplayInfo.dbc;base
DBFilesClient\CreatureModelData.dbc;base\DBFilesClient\CreatureModelData.dbc;base
DBFilesClient\CurrencyCategory.dbc;base\DBFilesClient\CurrencyCategory.dbc;base
DBFilesClient\CurrencyTypes.dbc;base\DBFilesClient\CurrencyTypes.dbc;base
DBFilesClient\GameObjectDisplayInfo.dbc;base\DBFilesClient\GameObjectDisplayInfo.dbc;base
DBFilesClient\Item.zip;base\DBFilesClient\Item.zip;base
DBFilesClient\ItemClass.dbc;base\DBFilesClient\ItemClass.dbc;base
DBFilesClient\ItemSubClass.dbc;base\DBFilesClient\ItemSubClass.dbc;base
DBFilesClient\LFGDungeonGroup.dbc;base\DBFilesClient\LFGDungeonGroup.dbc;base
DBFilesClient\LFGDungeons.dbc;base\DBFilesClient\LFGDungeons.dbc;base
DBFilesClient\Map.dbc;base\DBFilesClient\Map.dbc;base
DBFilesClient\MapDifficulty.dbc;base\DBFilesClient\MapDifficulty.dbc;base
DBFilesClient\ScreenEffect.dbc;base\DBFilesClient\ScreenEffect.dbc;base
DBFilesClient\SkillLine.dbc;base\DBFilesClient\SkillLine.dbc;base
DBFilesClient\SkillLineAbility.dbc;base\DBFilesClient\SkillLineAbility.dbc;base
DBFilesClient\SkillRaceClassInfo.dbc;base\DBFilesClient\SkillRaceClassInfo.dbc;base
DBFilesClient\SoundEntries.dbc;base\DBFilesClient\SoundEntries.dbc;base
DBFilesClient\Spell.dbc;base\DBFilesClient\Spell.dbc;base
DBFilesClient\SpellCastTimes.dbc;base\DBFilesClient\SpellCastTimes.dbc;base
DBFilesClient\SpellCategory.dbc;base\DBFilesClient\SpellCategory.dbc;base
DBFilesClient\SpellDescriptionVariables.dbc;base\DBFilesClient\SpellDescriptionVariables.dbc;base
DBFilesClient\SpellDifficulty.dbc;base\DBFilesClient\SpellDifficulty.dbc;base
DBFilesClient\SpellDispelType.dbc;base\DBFilesClient\SpellDispelType.dbc;base
DBFilesClient\SpellDuration.dbc;base\DBFilesClient\SpellDuration.dbc;base
DBFilesClient\SpellFocusObject.dbc;base\DBFilesClient\SpellFocusObject.dbc;base
DBFilesClient\SpellIcon.dbc;base\DBFilesClient\SpellIcon.dbc;base
DBFilesClient\SpellMechanic.dbc;base\DBFilesClient\SpellMechanic.dbc;base
DBFilesClient\SpellRadius.dbc;base\DBFilesClient\SpellRadius.dbc;base
DBFilesClient\SpellRange.dbc;base\DBFilesClient\SpellRange.dbc;base
DBFilesClient\SpellRuneCost.dbc;base\DBFilesClient\SpellRuneCost.dbc;base
DBFilesClient\SpellVisual.dbc;base\DBFilesClient\SpellVisual.dbc;base
DBFilesClient\SpellVisualEffectName.dbc;base\DBFilesClient\SpellVisualEffectName.dbc;base
DBFilesClient\SpellVisualKit.dbc;base\DBFilesClient\SpellVisualKit.dbc;base
DBFilesClient\SpellVisualKitAreaModel.dbc;base\DBFilesClient\SpellVisualKitAreaModel.dbc;base
DBFilesClient\SpellVisualKitModelAttach.dbc;base\DBFilesClient\SpellVisualKitModelAttach.dbc;base
DBFilesClient\SpellVisualPrecastTransitions.dbc;base\DBFilesClient\SpellVisualPrecastTransitions.dbc;base
DBFilesClient\TotemCategory.dbc;base\DBFilesClient\TotemCategory.dbc;base
DBFilesClient\WorldStateUI.dbc;base\DBFilesClient\WorldStateUI.dbc;base
Interface\AddOns\AtlasLoot\AtlasLoot.toc;base\Interface\AddOns\AtlasLoot\AtlasLoot.toc;base
Interface\AddOns\AtlasLoot\embeds.xml;base\Interface\AddOns\AtlasLoot\embeds.xml;base
Interface\AddOns\AtlasLoot\modules.xml;base\Interface\AddOns\AtlasLoot\modules.xml;base
Interface\AddOns\AtlasLoot\Add_Ons\Addons.xml;base\Interface\AddOns\AtlasLoot\Add_Ons\Addons.xml;base
Interface\AddOns\AtlasLoot\Add_Ons\classpriority.lua;base\Interface\AddOns\AtlasLoot\Add_Ons\classpriority.lua;base
Interface\AddOns\AtlasLoot\Add_Ons\dkp.lua;base\Interface\AddOns\AtlasLoot\Add_Ons\dkp.lua;base
Interface\AddOns\AtlasLoot\AtlasLayout\AtlasLayout.xml;base\Interface\AddOns\AtlasLoot\AtlasLayout\AtlasLayout.xml;base
Interface\AddOns\AtlasLoot\AtlasLayout\Battlegrounds.en.lua;base\Interface\AddOns\AtlasLoot\AtlasLayout\Battlegrounds.en.lua;base
Interface\AddOns\AtlasLoot\AtlasLayout\instances.en.lua;base\Interface\AddOns\AtlasLoot\AtlasLayout\instances.en.lua;base
Interface\AddOns\AtlasLoot\AtlasLayout\worldbosses.en.lua;base\Interface\AddOns\AtlasLoot\AtlasLayout\worldbosses.en.lua;base
Interface\AddOns\AtlasLoot\Core\AtlasIntegration.lua;base\Interface\AddOns\AtlasLoot\Core\AtlasIntegration.lua;base
Interface\AddOns\AtlasLoot\Core\AtlasLoot.lua;base\Interface\AddOns\AtlasLoot\Core\AtlasLoot.lua;base
Interface\AddOns\AtlasLoot\Core\AtlasLoot.xml;base\Interface\AddOns\AtlasLoot\Core\AtlasLoot.xml;base
Interface\AddOns\AtlasLoot\Core\ExtraText.lua;base\Interface\AddOns\AtlasLoot\Core\ExtraText.lua;base
Interface\AddOns\AtlasLoot\Core\Filter.lua;base\Interface\AddOns\AtlasLoot\Core\Filter.lua;base
Interface\AddOns\AtlasLoot\Core\HooksandAPI.lua;base\Interface\AddOns\AtlasLoot\Core\HooksandAPI.lua;base
Interface\AddOns\AtlasLoot\Core\Launchers.lua;base\Interface\AddOns\AtlasLoot\Core\Launchers.lua;base
Interface\AddOns\AtlasLoot\Core\LootButtons.lua;base\Interface\AddOns\AtlasLoot\Core\LootButtons.lua;base
Interface\AddOns\AtlasLoot\Core\Options.lua;base\Interface\AddOns\AtlasLoot\Core\Options.lua;base
Interface\AddOns\AtlasLoot\Core\Search.lua;base\Interface\AddOns\AtlasLoot\Core\Search.lua;base
Interface\AddOns\AtlasLoot\Core\TextParsing.lua;base\Interface\AddOns\AtlasLoot\Core\TextParsing.lua;base
Interface\AddOns\AtlasLoot\Core\WishList.lua;base\Interface\AddOns\AtlasLoot\Core\WishList.lua;base
Interface\AddOns\AtlasLoot\DefaultFrame\AtlaslootDefaultFrame.lua;base\Interface\AddOns\AtlasLoot\DefaultFrame\AtlaslootDefaultFrame.lua;base
Interface\AddOns\AtlasLoot\DefaultFrame\AtlaslootDefaultFrame.xml;base\Interface\AddOns\AtlasLoot\DefaultFrame\AtlaslootDefaultFrame.xml;base
Interface\AddOns\AtlasLoot\DefaultFrame\DewDropDown.lua;base\Interface\AddOns\AtlasLoot\DefaultFrame\DewDropDown.lua;base
Interface\AddOns\AtlasLoot\Documentation\LICENSE.txt;base\Interface\AddOns\AtlasLoot\Documentation\LICENSE.txt;base
Interface\AddOns\AtlasLoot\Documentation\Release_Notes.txt;base\Interface\AddOns\AtlasLoot\Documentation\Release_Notes.txt;base
Interface\AddOns\AtlasLoot\Images\Alliance.tga;base\Interface\AddOns\AtlasLoot\Images\Alliance.tga;base
Interface\AddOns\AtlasLoot\Images\AtlasLootMinimap.blp;base\Interface\AddOns\AtlasLoot\Images\AtlasLootMinimap.blp;base
Interface\AddOns\AtlasLoot\Images\bronze.tga;base\Interface\AddOns\AtlasLoot\Images\bronze.tga;base
Interface\AddOns\AtlasLoot\Images\delete.blp;base\Interface\AddOns\AtlasLoot\Images\delete.blp;base
Interface\AddOns\AtlasLoot\Images\edit.blp;base\Interface\AddOns\AtlasLoot\Images\edit.blp;base
Interface\AddOns\AtlasLoot\Images\gold.tga;base\Interface\AddOns\AtlasLoot\Images\gold.tga;base
Interface\AddOns\AtlasLoot\Images\Horde.tga;base\Interface\AddOns\AtlasLoot\Images\Horde.tga;base
Interface\AddOns\AtlasLoot\Images\share.blp;base\Interface\AddOns\AtlasLoot\Images\share.blp;base
Interface\AddOns\AtlasLoot\Images\silver.tga;base\Interface\AddOns\AtlasLoot\Images\silver.tga;base
Interface\AddOns\AtlasLoot\Libs\AceAddon-3.0\AceAddon-3.0.lua;base\Interface\AddOns\AtlasLoot\Libs\AceAddon-3.0\AceAddon-3.0.lua;base
Interface\AddOns\AtlasLoot\Libs\AceAddon-3.0\AceAddon-3.0.xml;base\Interface\AddOns\AtlasLoot\Libs\AceAddon-3.0\AceAddon-3.0.xml;base
Interface\AddOns\AtlasLoot\Libs\AceComm-3.0\AceComm-3.0.lua;base\Interface\AddOns\AtlasLoot\Libs\AceComm-3.0\AceComm-3.0.lua;base
Interface\AddOns\AtlasLoot\Libs\AceComm-3.0\AceComm-3.0.xml;base\Interface\AddOns\AtlasLoot\Libs\AceComm-3.0\AceComm-3.0.xml;base
Interface\AddOns\AtlasLoot\Libs\AceComm-3.0\ChatThrottleLib.lua;base\Interface\AddOns\AtlasLoot\Libs\AceComm-3.0\ChatThrottleLib.lua;base
Interface\AddOns\AtlasLoot\Libs\AceDB-3.0\AceDB-3.0.lua;base\Interface\AddOns\AtlasLoot\Libs\AceDB-3.0\AceDB-3.0.lua;base
Interface\AddOns\AtlasLoot\Libs\AceDB-3.0\AceDB-3.0.xml;base\Interface\AddOns\AtlasLoot\Libs\AceDB-3.0\AceDB-3.0.xml;base
Interface\AddOns\AtlasLoot\Libs\AceLibrary\AceLibrary.lua;base\Interface\AddOns\AtlasLoot\Libs\AceLibrary\AceLibrary.lua;base
Interface\AddOns\AtlasLoot\Libs\AceLibrary\AceLibrary.toc;base\Interface\AddOns\AtlasLoot\Libs\AceLibrary\AceLibrary.toc;base
Interface\AddOns\AtlasLoot\Libs\AceLocale-3.0\AceLocale-3.0.lua;base\Interface\AddOns\AtlasLoot\Libs\AceLocale-3.0\AceLocale-3.0.lua;base
Interface\AddOns\AtlasLoot\Libs\AceLocale-3.0\AceLocale-3.0.xml;base\Interface\AddOns\AtlasLoot\Libs\AceLocale-3.0\AceLocale-3.0.xml;base
Interface\AddOns\AtlasLoot\Libs\AceSerializer-3.0\AceSerializer-3.0.lua;base\Interface\AddOns\AtlasLoot\Libs\AceSerializer-3.0\AceSerializer-3.0.lua;base
Interface\AddOns\AtlasLoot\Libs\AceSerializer-3.0\AceSerializer-3.0.xml;base\Interface\AddOns\AtlasLoot\Libs\AceSerializer-3.0\AceSerializer-3.0.xml;base
Interface\AddOns\AtlasLoot\Libs\CallbackHandler-1.0\CallbackHandler-1.0.lua;base\Interface\AddOns\AtlasLoot\Libs\CallbackHandler-1.0\CallbackHandler-1.0.lua;base
Interface\AddOns\AtlasLoot\Libs\CallbackHandler-1.0\CallbackHandler-1.0.xml;base\Interface\AddOns\AtlasLoot\Libs\CallbackHandler-1.0\CallbackHandler-1.0.xml;base
Interface\AddOns\AtlasLoot\Libs\DewdropLib\DewdropLib.toc;base\Interface\AddOns\AtlasLoot\Libs\DewdropLib\DewdropLib.toc;base
Interface\AddOns\AtlasLoot\Libs\DewdropLib\embeds.xml;base\Interface\AddOns\AtlasLoot\Libs\DewdropLib\embeds.xml;base
Interface\AddOns\AtlasLoot\Libs\DewdropLib\LICENSE.txt;base\Interface\AddOns\AtlasLoot\Libs\DewdropLib\LICENSE.txt;base
Interface\AddOns\AtlasLoot\Libs\DewdropLib\AceLibrary\AceLibrary.lua;base\Interface\AddOns\AtlasLoot\Libs\DewdropLib\AceLibrary\AceLibrary.lua;base
Interface\AddOns\AtlasLoot\Libs\DewdropLib\AceLibrary\AceLibrary.toc;base\Interface\AddOns\AtlasLoot\Libs\DewdropLib\AceLibrary\AceLibrary.toc;base
Interface\AddOns\AtlasLoot\Libs\DewdropLib\Dewdrop-2.0\Dewdrop-2.0.lua;base\Interface\AddOns\AtlasLoot\Libs\DewdropLib\Dewdrop-2.0\Dewdrop-2.0.lua;base
Interface\AddOns\AtlasLoot\Libs\LibAboutPanel\lib.xml;base\Interface\AddOns\AtlasLoot\Libs\LibAboutPanel\lib.xml;base
Interface\AddOns\AtlasLoot\Libs\LibAboutPanel\LibAboutPanel.lua;base\Interface\AddOns\AtlasLoot\Libs\LibAboutPanel\LibAboutPanel.lua;base
Interface\AddOns\AtlasLoot\Libs\LibAboutPanel\LibAboutPanel.toc;base\Interface\AddOns\AtlasLoot\Libs\LibAboutPanel\LibAboutPanel.toc;base
Interface\AddOns\AtlasLoot\Libs\LibAboutPanel\libs\CallbackHandler-1.0\CallbackHandler-1.0.lua;base\Interface\AddOns\AtlasLoot\Libs\LibAboutPanel\libs\CallbackHandler-1.0\CallbackHandler-1.0.lua;base
Interface\AddOns\AtlasLoot\Libs\LibAboutPanel\libs\CallbackHandler-1.0\CallbackHandler-1.0.xml;base\Interface\AddOns\AtlasLoot\Libs\LibAboutPanel\libs\CallbackHandler-1.0\CallbackHandler-1.0.xml;base
Interface\AddOns\AtlasLoot\Libs\LibAboutPanel\libs\LibStub\LibStub.lua;base\Interface\AddOns\AtlasLoot\Libs\LibAboutPanel\libs\LibStub\LibStub.lua;base
Interface\AddOns\AtlasLoot\Libs\LibAboutPanel\libs\LibStub\LibStub.toc;base\Interface\AddOns\AtlasLoot\Libs\LibAboutPanel\libs\LibStub\LibStub.toc;base
Interface\AddOns\AtlasLoot\Libs\LibBabble-Boss-3.0\lib.xml;base\Interface\AddOns\AtlasLoot\Libs\LibBabble-Boss-3.0\lib.xml;base
Interface\AddOns\AtlasLoot\Libs\LibBabble-Boss-3.0\LibBabble-3.0.lua;base\Interface\AddOns\AtlasLoot\Libs\LibBabble-Boss-3.0\LibBabble-3.0.lua;base
Interface\AddOns\AtlasLoot\Libs\LibBabble-Boss-3.0\LibBabble-Boss-3.0.lua;base\Interface\AddOns\AtlasLoot\Libs\LibBabble-Boss-3.0\LibBabble-Boss-3.0.lua;base
Interface\AddOns\AtlasLoot\Libs\LibBabble-Boss-3.0\LibBabble-Boss-3.0.toc;base\Interface\AddOns\AtlasLoot\Libs\LibBabble-Boss-3.0\LibBabble-Boss-3.0.toc;base
Interface\AddOns\AtlasLoot\Libs\LibBabble-Boss-3.0\LibStub\LibStub.lua;base\Interface\AddOns\AtlasLoot\Libs\LibBabble-Boss-3.0\LibStub\LibStub.lua;base
Interface\AddOns\AtlasLoot\Libs\LibBabble-Faction-3.0\lib.xml;base\Interface\AddOns\AtlasLoot\Libs\LibBabble-Faction-3.0\lib.xml;base
Interface\AddOns\AtlasLoot\Libs\LibBabble-Faction-3.0\LibBabble-3.0.lua;base\Interface\AddOns\AtlasLoot\Libs\LibBabble-Faction-3.0\LibBabble-3.0.lua;base
Interface\AddOns\AtlasLoot\Libs\LibBabble-Faction-3.0\LibBabble-Faction-3.0.lua;base\Interface\AddOns\AtlasLoot\Libs\LibBabble-Faction-3.0\LibBabble-Faction-3.0.lua;base
Interface\AddOns\AtlasLoot\Libs\LibBabble-Faction-3.0\LibBabble-Faction-3.0.toc;base\Interface\AddOns\AtlasLoot\Libs\LibBabble-Faction-3.0\LibBabble-Faction-3.0.toc;base
Interface\AddOns\AtlasLoot\Libs\LibBabble-Faction-3.0\LibStub\LibStub.lua;base\Interface\AddOns\AtlasLoot\Libs\LibBabble-Faction-3.0\LibStub\LibStub.lua;base
Interface\AddOns\AtlasLoot\Libs\LibBabble-Inventory-3.0\lib.xml;base\Interface\AddOns\AtlasLoot\Libs\LibBabble-Inventory-3.0\lib.xml;base
Interface\AddOns\AtlasLoot\Libs\LibBabble-Inventory-3.0\LibBabble-3.0.lua;base\Interface\AddOns\AtlasLoot\Libs\LibBabble-Inventory-3.0\LibBabble-3.0.lua;base
Interface\AddOns\AtlasLoot\Libs\LibBabble-Inventory-3.0\LibBabble-Inventory-3.0.lua;base\Interface\AddOns\AtlasLoot\Libs\LibBabble-Inventory-3.0\LibBabble-Inventory-3.0.lua;base
Interface\AddOns\AtlasLoot\Libs\LibBabble-Inventory-3.0\LibBabble-Inventory-3.0.toc;base\Interface\AddOns\AtlasLoot\Libs\LibBabble-Inventory-3.0\LibBabble-Inventory-3.0.toc;base
Interface\AddOns\AtlasLoot\Libs\LibBabble-Inventory-3.0\LibStub\LibStub.lua;base\Interface\AddOns\AtlasLoot\Libs\LibBabble-Inventory-3.0\LibStub\LibStub.lua;base
Interface\AddOns\AtlasLoot\Libs\LibBabble-Zone-3.0\lib.xml;base\Interface\AddOns\AtlasLoot\Libs\LibBabble-Zone-3.0\lib.xml;base
Interface\AddOns\AtlasLoot\Libs\LibBabble-Zone-3.0\LibBabble-3.0.lua;base\Interface\AddOns\AtlasLoot\Libs\LibBabble-Zone-3.0\LibBabble-3.0.lua;base
Interface\AddOns\AtlasLoot\Libs\LibBabble-Zone-3.0\LibBabble-Zone-3.0.lua;base\Interface\AddOns\AtlasLoot\Libs\LibBabble-Zone-3.0\LibBabble-Zone-3.0.lua;base
Interface\AddOns\AtlasLoot\Libs\LibBabble-Zone-3.0\LibBabble-Zone-3.0.toc;base\Interface\AddOns\AtlasLoot\Libs\LibBabble-Zone-3.0\LibBabble-Zone-3.0.toc;base
Interface\AddOns\AtlasLoot\Libs\LibBabble-Zone-3.0\LibStub\LibStub.lua;base\Interface\AddOns\AtlasLoot\Libs\LibBabble-Zone-3.0\LibStub\LibStub.lua;base
Interface\AddOns\AtlasLoot\Libs\LibDataBroker-1.1\LibDataBroker-1.1.lua;base\Interface\AddOns\AtlasLoot\Libs\LibDataBroker-1.1\LibDataBroker-1.1.lua;base
Interface\AddOns\AtlasLoot\Libs\LibStub\LibStub.lua;base\Interface\AddOns\AtlasLoot\Libs\LibStub\LibStub.lua;base
Interface\AddOns\AtlasLoot\Libs\LibStub\LibStub.toc;base\Interface\AddOns\AtlasLoot\Libs\LibStub\LibStub.toc;base
Interface\AddOns\AtlasLoot\Locales\constants.cn.lua;base\Interface\AddOns\AtlasLoot\Locales\constants.cn.lua;base
Interface\AddOns\AtlasLoot\Locales\constants.de.lua;base\Interface\AddOns\AtlasLoot\Locales\constants.de.lua;base
Interface\AddOns\AtlasLoot\Locales\constants.en.lua;base\Interface\AddOns\AtlasLoot\Locales\constants.en.lua;base
Interface\AddOns\AtlasLoot\Locales\constants.es.lua;base\Interface\AddOns\AtlasLoot\Locales\constants.es.lua;base
Interface\AddOns\AtlasLoot\Locales\constants.fr.lua;base\Interface\AddOns\AtlasLoot\Locales\constants.fr.lua;base
Interface\AddOns\AtlasLoot\Locales\constants.kr.lua;base\Interface\AddOns\AtlasLoot\Locales\constants.kr.lua;base
Interface\AddOns\AtlasLoot\Locales\constants.mx.lua;base\Interface\AddOns\AtlasLoot\Locales\constants.mx.lua;base
Interface\AddOns\AtlasLoot\Locales\constants.ru.lua;base\Interface\AddOns\AtlasLoot\Locales\constants.ru.lua;base
Interface\AddOns\AtlasLoot\Locales\constants.tw.lua;base\Interface\AddOns\AtlasLoot\Locales\constants.tw.lua;base
Interface\AddOns\AtlasLoot\Locales\LibBabble.lua;base\Interface\AddOns\AtlasLoot\Locales\LibBabble.lua;base
Interface\AddOns\AtlasLoot\Locales\Locales.xml;base\Interface\AddOns\AtlasLoot\Locales\Locales.xml;base
Interface\AddOns\AtlasLoot\Menus\CraftingMenus.lua;base\Interface\AddOns\AtlasLoot\Menus\CraftingMenus.lua;base
Interface\AddOns\AtlasLoot\Menus\Menus.xml;base\Interface\AddOns\AtlasLoot\Menus\Menus.xml;base
Interface\AddOns\AtlasLoot\Menus\PvPMenus.lua;base\Interface\AddOns\AtlasLoot\Menus\PvPMenus.lua;base
Interface\AddOns\AtlasLoot\Menus\RepMenus.lua;base\Interface\AddOns\AtlasLoot\Menus\RepMenus.lua;base
Interface\AddOns\AtlasLoot\Menus\SetMenus.lua;base\Interface\AddOns\AtlasLoot\Menus\SetMenus.lua;base
Interface\AddOns\AtlasLoot\Menus\WorldEventMenus.lua;base\Interface\AddOns\AtlasLoot\Menus\WorldEventMenus.lua;base
Interface\AddOns\AtlasLoot\TableRegister\loottables.cn.lua;base\Interface\AddOns\AtlasLoot\TableRegister\loottables.cn.lua;base
Interface\AddOns\AtlasLoot\TableRegister\loottables.de.lua;base\Interface\AddOns\AtlasLoot\TableRegister\loottables.de.lua;base
Interface\AddOns\AtlasLoot\TableRegister\loottables.en.lua;base\Interface\AddOns\AtlasLoot\TableRegister\loottables.en.lua;base
Interface\AddOns\AtlasLoot\TableRegister\loottables.es.lua;base\Interface\AddOns\AtlasLoot\TableRegister\loottables.es.lua;base
Interface\AddOns\AtlasLoot\TableRegister\loottables.fr.lua;base\Interface\AddOns\AtlasLoot\TableRegister\loottables.fr.lua;base
Interface\AddOns\AtlasLoot\TableRegister\loottables.tw.lua;base\Interface\AddOns\AtlasLoot\TableRegister\loottables.tw.lua;base
Interface\AddOns\AtlasLoot\TableRegister\TableRegister.xml;base\Interface\AddOns\AtlasLoot\TableRegister\TableRegister.xml;base
Interface\AddOns\AtlasLootFu\AtlasLootFu.lua;base\Interface\AddOns\AtlasLootFu\AtlasLootFu.lua;base
Interface\AddOns\AtlasLootFu\AtlasLootFu.toc;base\Interface\AddOns\AtlasLootFu\AtlasLootFu.toc;base
Interface\AddOns\AtlasLootFu\embeds.xml;base\Interface\AddOns\AtlasLootFu\embeds.xml;base
Interface\AddOns\AtlasLootFu\Locales.lua;base\Interface\AddOns\AtlasLootFu\Locales.lua;base
Interface\AddOns\AtlasLootFu\Libs\AceAddon-2.0\AceAddon-2.0.lua;base\Interface\AddOns\AtlasLootFu\Libs\AceAddon-2.0\AceAddon-2.0.lua;base
Interface\AddOns\AtlasLootFu\Libs\AceAddon-2.0\AceAddon-2.0.toc;base\Interface\AddOns\AtlasLootFu\Libs\AceAddon-2.0\AceAddon-2.0.toc;base
Interface\AddOns\AtlasLootFu\Libs\AceDB-2.0\AceDB-2.0.lua;base\Interface\AddOns\AtlasLootFu\Libs\AceDB-2.0\AceDB-2.0.lua;base
Interface\AddOns\AtlasLootFu\Libs\AceDB-2.0\AceDB-2.0.toc;base\Interface\AddOns\AtlasLootFu\Libs\AceDB-2.0\AceDB-2.0.toc;base
Interface\AddOns\AtlasLootFu\Libs\AceEvent-2.0\AceEvent-2.0.lua;base\Interface\AddOns\AtlasLootFu\Libs\AceEvent-2.0\AceEvent-2.0.lua;base
Interface\AddOns\AtlasLootFu\Libs\AceEvent-2.0\AceEvent-2.0.toc;base\Interface\AddOns\AtlasLootFu\Libs\AceEvent-2.0\AceEvent-2.0.toc;base
Interface\AddOns\AtlasLootFu\Libs\AceLibrary\AceLibrary.lua;base\Interface\AddOns\AtlasLootFu\Libs\AceLibrary\AceLibrary.lua;base
Interface\AddOns\AtlasLootFu\Libs\AceLibrary\AceLibrary.toc;base\Interface\AddOns\AtlasLootFu\Libs\AceLibrary\AceLibrary.toc;base
Interface\AddOns\AtlasLootFu\Libs\AceOO-2.0\AceOO-2.0.lua;base\Interface\AddOns\AtlasLootFu\Libs\AceOO-2.0\AceOO-2.0.lua;base
Interface\AddOns\AtlasLootFu\Libs\AceOO-2.0\AceOO-2.0.toc;base\Interface\AddOns\AtlasLootFu\Libs\AceOO-2.0\AceOO-2.0.toc;base
Interface\AddOns\AtlasLootFu\Libs\FuBarPlugin-2.0\FuBarPlugin-2.0.lua;base\Interface\AddOns\AtlasLootFu\Libs\FuBarPlugin-2.0\FuBarPlugin-2.0.lua;base
Interface\AddOns\AtlasLootFu\Libs\Tablet-2.0\Tablet-2.0.lua;base\Interface\AddOns\AtlasLootFu\Libs\Tablet-2.0\Tablet-2.0.lua;base
Interface\AddOns\AtlasLootFu\Libs\Tablet-2.0\AceLibrary\AceLibrary.lua;base\Interface\AddOns\AtlasLootFu\Libs\Tablet-2.0\AceLibrary\AceLibrary.lua;base
Interface\AddOns\AtlasLootFu\Libs\Tablet-2.0\AceLibrary\AceLibrary.toc;base\Interface\AddOns\AtlasLootFu\Libs\Tablet-2.0\AceLibrary\AceLibrary.toc;base
Interface\AddOns\AtlasLootFu\Libs\Tablet-2.0\Dewdrop-2.0\Dewdrop-2.0.lua;base\Interface\AddOns\AtlasLootFu\Libs\Tablet-2.0\Dewdrop-2.0\Dewdrop-2.0.lua;base
Interface\AddOns\AtlasLoot_BurningCrusade\AtlasLoot_BurningCrusade.toc;base\Interface\AddOns\AtlasLoot_BurningCrusade\AtlasLoot_BurningCrusade.toc;base
Interface\AddOns\AtlasLoot_BurningCrusade\burningcrusade.lua;base\Interface\AddOns\AtlasLoot_BurningCrusade\burningcrusade.lua;base
Interface\AddOns\AtlasLoot_BurningCrusade\localization.lua;base\Interface\AddOns\AtlasLoot_BurningCrusade\localization.lua;base
Interface\AddOns\AtlasLoot_Crafting\AtlasLoot_Crafting.toc;base\Interface\AddOns\AtlasLoot_Crafting\AtlasLoot_Crafting.toc;base
Interface\AddOns\AtlasLoot_Crafting\crafting.lua;base\Interface\AddOns\AtlasLoot_Crafting\crafting.lua;base
Interface\AddOns\AtlasLoot_Crafting\localization.lua;base\Interface\AddOns\AtlasLoot_Crafting\localization.lua;base
Interface\AddOns\AtlasLoot_OriginalWoW\AtlasLoot_OriginalWoW.toc;base\Interface\AddOns\AtlasLoot_OriginalWoW\AtlasLoot_OriginalWoW.toc;base
Interface\AddOns\AtlasLoot_OriginalWoW\localization.lua;base\Interface\AddOns\AtlasLoot_OriginalWoW\localization.lua;base
Interface\AddOns\AtlasLoot_OriginalWoW\originalwow.lua;base\Interface\AddOns\AtlasLoot_OriginalWoW\originalwow.lua;base
Interface\AddOns\AtlasLoot_WorldEvents\AtlasLoot_WorldEvents.toc;base\Interface\AddOns\AtlasLoot_WorldEvents\AtlasLoot_WorldEvents.toc;base
Interface\AddOns\AtlasLoot_WorldEvents\localization.lua;base\Interface\AddOns\AtlasLoot_WorldEvents\localization.lua;base
Interface\AddOns\AtlasLoot_WorldEvents\worldevents.lua;base\Interface\AddOns\AtlasLoot_WorldEvents\worldevents.lua;base
Interface\AddOns\AtlasLoot_WrathoftheLichKing\AtlasLoot_WrathoftheLichKing.toc;base\Interface\AddOns\AtlasLoot_WrathoftheLichKing\AtlasLoot_WrathoftheLichKing.toc;base
Interface\AddOns\AtlasLoot_WrathoftheLichKing\localization.lua;base\Interface\AddOns\AtlasLoot_WrathoftheLichKing\localization.lua;base
Interface\AddOns\AtlasLoot_WrathoftheLichKing\wrathofthelichking.lua;base\Interface\AddOns\AtlasLoot_WrathoftheLichKing\wrathofthelichking.lua;base
Interface\AddOns\GOMove\GOMove.toc;base\Interface\AddOns\GOMove\GOMove.toc;base
Interface\AddOns\GOMove\GOMoveFunctions.lua;base\Interface\AddOns\GOMove\GOMoveFunctions.lua;base
Interface\AddOns\GOMove\GOMoveScripts.lua;base\Interface\AddOns\GOMove\GOMoveScripts.lua;base
Interface\AddOns\GOMove\MapButton.xml;base\Interface\AddOns\GOMove\MapButton.xml;base
Interface\GlueXML\AccountLogin.lua;base\Interface\GlueXML\AccountLogin.lua;base
Interface\GlueXML\AccountLogin.xml;base\Interface\GlueXML\AccountLogin.xml;base
Interface\GlueXML\LoginScene.lua;base\Interface\GlueXML\LoginScene.lua;base
Interface\GlueXML\LSTool.lua;base\Interface\GlueXML\LSTool.lua;base
Interface\WorldStateFrame\WS-UI-Skull.blp;base\Interface\WorldStateFrame\WS-UI-Skull.blp;base
Sound\FallOfDalaran\U07Antonidas02.mp3;base\Sound\FallOfDalaran\U07Antonidas02.mp3;base
Sound\FallOfDalaran\U07Antonidas04.mp3;base\Sound\FallOfDalaran\U07Antonidas04.mp3;base
Sound\FallOfDalaran\U07Antonidas06.mp3;base\Sound\FallOfDalaran\U07Antonidas06.mp3;base
Sound\FallOfDalaran\U07Antonidas13.mp3;base\Sound\FallOfDalaran\U07Antonidas13.mp3;base
Sound\FallOfDalaran\U07Arthas01.mp3;base\Sound\FallOfDalaran\U07Arthas01.mp3;base
Sound\FallOfDalaran\U07Arthas03.mp3;base\Sound\FallOfDalaran\U07Arthas03.mp3;base
Sound\FallOfDalaran\U07Arthas05.mp3;base\Sound\FallOfDalaran\U07Arthas05.mp3;base
Sound\FallOfDalaran\U07Arthas14.mp3;base\Sound\FallOfDalaran\U07Arthas14.mp3;base
Sound\FallOfDalaran\U07Arthas15.mp3;base\Sound\FallOfDalaran\U07Arthas15.mp3;base
Sound\FallOfDalaran\U07KelThuzad07.mp3;base\Sound\FallOfDalaran\U07KelThuzad07.mp3;base
Sound\FallOfDalaran\U07KelThuzad08.mp3;base\Sound\FallOfDalaran\U07KelThuzad08.mp3;base
Sound\FallOfDalaran\U07KelThuzad09.mp3;base\Sound\FallOfDalaran\U07KelThuzad09.mp3;base
Sound\FallOfDalaran\U07KelThuzad11.mp3;base\Sound\FallOfDalaran\U07KelThuzad11.mp3;base
Sound\FallOfDalaran\U07KelThuzad12.mp3;base\Sound\FallOfDalaran\U07KelThuzad12.mp3;base
Sound\FallOfDalaran\U07KelThuzad16.mp3;base\Sound\FallOfDalaran\U07KelThuzad16.mp3;base
Sound\Music\FallOfDalaran\action.mp3;base\Sound\Music\FallOfDalaran\action.mp3;base
Sound\Music\GlueScreenMusic\WotLK_main_title.mp3;base\Sound\Music\GlueScreenMusic\WotLK_main_title.mp3;base
Sound\Music\GlueScreenMusic\wow_main_theme.mp3;base\Sound\Music\GlueScreenMusic\wow_main_theme.mp3;base
Textures\Minimap\md5translate.trs;base\Textures\Minimap\md5translate.trs;base
World\Maps\DefCamp\DefCamp.wdl;base\World\Maps\DefCamp\DefCamp.wdl;base
World\Maps\DefCamp\DefCamp.wdt;base\World\Maps\DefCamp\DefCamp.wdt;base
World\Maps\DefCamp\DefCamp_22_37.adt;base\World\Maps\DefCamp\DefCamp_22_37.adt;base
World\Maps\DefCamp\DefCamp_22_38.adt;base\World\Maps\DefCamp\DefCamp_22_38.adt;base
World\Maps\DefCamp\DefCamp_23_36.adt;base\World\Maps\DefCamp\DefCamp_23_36.adt;base
World\Maps\DefCamp\DefCamp_23_37.adt;base\World\Maps\DefCamp\DefCamp_23_37.adt;base
World\Maps\DefCamp\DefCamp_23_38.adt;base\World\Maps\DefCamp\DefCamp_23_38.adt;base
World\Maps\DefCamp\DefCamp_24_35.adt;base\World\Maps\DefCamp\DefCamp_24_35.adt;base
World\Maps\DefCamp\DefCamp_24_36.adt;base\World\Maps\DefCamp\DefCamp_24_36.adt;base
World\Maps\DefCamp\DefCamp_24_37.adt;base\World\Maps\DefCamp\DefCamp_24_37.adt;base
World\Maps\DefCamp\DefCamp_24_38.adt;base\World\Maps\DefCamp\DefCamp_24_38.adt;base
World\Maps\DefCamp\DefCamp_24_39.adt;base\World\Maps\DefCamp\DefCamp_24_39.adt;base
World\Maps\DefCamp\DefCamp_25_36.adt;base\World\Maps\DefCamp\DefCamp_25_36.adt;base
World\Maps\DefCamp\DefCamp_25_37.adt;base\World\Maps\DefCamp\DefCamp_25_37.adt;base
World\Maps\DefCamp\DefCamp_25_38.adt;base\World\Maps\DefCamp\DefCamp_25_38.adt;base
World\Maps\hillsbradpast\hillsbradpast.wdt;base\World\Maps\hillsbradpast\hillsbradpast.wdt;base
World\Maps\hillsbradpast\hillsbradpast_27_25.adt;base\World\Maps\hillsbradpast\hillsbradpast_27_25.adt;base
World\Maps\hillsbradpast\hillsbradpast_27_26.adt;base\World\Maps\hillsbradpast\hillsbradpast_27_26.adt;base
World\Maps\hillsbradpast\hillsbradpast_27_27.adt;base\World\Maps\hillsbradpast\hillsbradpast_27_27.adt;base
World\Maps\hillsbradpast\hillsbradpast_27_28.adt;base\World\Maps\hillsbradpast\hillsbradpast_27_28.adt;base
World\Maps\hillsbradpast\hillsbradpast_28_25.adt;base\World\Maps\hillsbradpast\hillsbradpast_28_25.adt;base
World\Maps\hillsbradpast\hillsbradpast_28_26.adt;base\World\Maps\hillsbradpast\hillsbradpast_28_26.adt;base
World\Maps\hillsbradpast\hillsbradpast_28_27.adt;base\World\Maps\hillsbradpast\hillsbradpast_28_27.adt;base
World\Maps\hillsbradpast\hillsbradpast_28_28.adt;base\World\Maps\hillsbradpast\hillsbradpast_28_28.adt;base
World\Maps\hillsbradpast\hillsbradpast_29_25.adt;base\World\Maps\hillsbradpast\hillsbradpast_29_25.adt;base
World\Maps\hillsbradpast\hillsbradpast_29_26.adt;base\World\Maps\hillsbradpast\hillsbradpast_29_26.adt;base
World\Maps\hillsbradpast\hillsbradpast_29_27.adt;base\World\Maps\hillsbradpast\hillsbradpast_29_27.adt;base
World\Maps\hillsbradpast\hillsbradpast_29_28.adt;base\World\Maps\hillsbradpast\hillsbradpast_29_28.adt;base
